// Jest Snapshot v1, https://goo.gl/fbAQLP

exports[`apiDemo component snapShot of ApiDemo component 1`] = `
<View
  style={
    Object {
      "alignItems": "center",
      "flex": 1,
    }
  }
>
  <RCTScrollView
    data={Array []}
    getItem={[Function]}
    getItemCount={[Function]}
    keyExtractor={[Function]}
    onContentSizeChange={[Function]}
    onLayout={[Function]}
    onMomentumScrollBegin={[Function]}
    onMomentumScrollEnd={[Function]}
    onScroll={[Function]}
    onScrollBeginDrag={[Function]}
    onScrollEndDrag={[Function]}
    removeClippedSubviews={false}
    renderItem={[Function]}
    scrollEventThrottle={50}
    stickyHeaderIndices={Array []}
    testID="flat-list"
    viewabilityConfigCallbackPairs={Array []}
  >
    <View />
  </RCTScrollView>
</View>
`;
