// Jest Snapshot v1, https://goo.gl/fbAQLP

exports[`ChatInpur take SnapShot of chatInput 1`] = `
<View
  style={
    Object {
      "backgroundColor": "#FFFFFF",
      "justifyContent": "center",
    }
  }
>
  <View
    style={
      Object {
        "alignItems": "center",
        "flexDirection": "row",
        "justifyContent": "space-between",
        "marginHorizontal": undefined,
        "paddingHorizontal": undefined,
        "paddingVertical": undefined,
      }
    }
  >
    <View
      style={
        Object {
          "alignItems": "center",
          "backgroundColor": "#f0f0f0",
          "borderRadius": 30,
          "flex": 1,
          "flexDirection": "row",
          "justifyContent": "space-between",
          "marginRight": undefined,
          "paddingVertical": undefined,
        }
      }
    >
      <TextInput
        multiline={true}
        onChangeText={[Function]}
        onFocus={[Function]}
        placeholder="Type Something..."
        placeholderTextColor="#A9A9A9"
        style={
          Object {
            "backgroundColor": "transparent",
            "color": "#000000",
            "flex": 1,
            "fontSize": undefined,
            "height": undefined,
            "maxHeight": undefined,
            "paddingLeft": undefined,
          }
        }
        testID="textInput"
        value=""
      />
      <View
        accessible={true}
        collapsable={false}
        focusable={true}
        onClick={[Function]}
        onResponderGrant={[Function]}
        onResponderMove={[Function]}
        onResponderRelease={[Function]}
        onResponderTerminate={[Function]}
        onResponderTerminationRequest={[Function]}
        onStartShouldSetResponder={[Function]}
        style={
          Object {
            "opacity": 1,
          }
        }
        testID="AttachIcon"
      >
        <Image
          source={
            Object {
              "default": Object {
                "attach": Object {
                  "testUri": "../../../app/assets/icons/attach.png",
                },
                "avatar": Object {
                  "testUri": "../../../app/assets/icons/user.png",
                },
                "backIcon": Object {
                  "testUri": "../../../app/assets/icons/backIcon.png",
                },
                "camera": Object {
                  "testUri": "../../../app/assets/icons/camera.png",
                },
                "cameraIcon": Object {
                  "testUri": "../../../app/assets/icons/cameraIcon.png",
                },
                "chatBackground": Object {
                  "testUri": "../../../app/assets/icons/chatBackground.png",
                },
                "close": Object {
                  "testUri": "../../../app/assets/icons/close.png",
                },
                "comingSoon": Object {
                  "testUri": "../../../app/assets/icons/comingSoon.png",
                },
                "communityIcon": Object {
                  "testUri": "../../../app/assets/icons/communityIcon.png",
                },
                "document": Object {
                  "testUri": "../../../app/assets/icons/documentIcon.png",
                },
                "documentIcon": Object {
                  "testUri": "../../../app/assets/icons/documentIcon.png",
                },
                "dotMenu": Object {
                  "testUri": "../../../app/assets/icons/dots.png",
                },
                "expandIcon": Object {
                  "testUri": "../../../app/assets/icons/expandIcon.png",
                },
                "fileIcon": Object {
                  "testUri": "../../../app/assets/icons/fileIcon.png",
                },
                "fullStop": Object {
                  "testUri": "../../../app/assets/icons/fullStop.png",
                },
                "galleryIcon": Object {
                  "testUri": "../../../app/assets/icons/galleryIcon.png",
                },
                "homeIcon": Object {
                  "testUri": "../../../app/assets/icons/homeIcon.png",
                },
                "imageDocument": Object {
                  "testUri": "../../../app/assets/icons/imageIcon.png",
                },
                "location": Object {
                  "testUri": "../../../app/assets/icons/share.png",
                },
                "locationIcon": Object {
                  "testUri": "../../../app/assets/icons/locationIcon.png",
                },
                "logout": Object {
                  "testUri": "../../../app/assets/icons/logout.png",
                },
                "menuIcon": Object {
                  "testUri": "../../../app/assets/icons/menuIcon.png",
                },
                "movieDbIcon": Object {
                  "testUri": "../../../app/assets/icons/movieDBIcon.png",
                },
                "movieDbIcon2x": Object {
                  "testUri": "../../../app/assets/icons/movieDB2x.png",
                },
                "movieDbIcon3x": Object {
                  "testUri": "../../../app/assets/icons/movieDB3x.png",
                },
                "moviesIcon": Object {
                  "testUri": "../../../app/assets/icons/moviesIcon.png",
                },
                "noItemFound": Object {
                  "testUri": "../../../app/assets/icons/noItemFound.png",
                },
                "notFound": Object {
                  "testUri": "../../../app/assets/icons/notFoundIcon.png",
                },
                "pdfDocument": Object {
                  "testUri": "../../../app/assets/icons/pdfDocument 2.png",
                },
                "playIcon": Object {
                  "testUri": "../../../app/assets/icons/playIcon.png",
                },
                "plus": Object {
                  "testUri": "../../../app/assets/icons/plusSign.png",
                },
                "pptDocument": Object {
                  "testUri": "../../../app/assets/icons/pptDocument.png",
                },
                "searchIcon": Object {
                  "testUri": "../../../app/assets/icons/searchIcon.png",
                },
                "send": Object {
                  "testUri": "../../../app/assets/icons/send.png",
                },
                "threeDotIcon": Object {
                  "testUri": "../../../app/assets/icons/threeDotIcon.png",
                },
                "trailerIcon": Object {
                  "testUri": "../../../app/assets/icons/trailerIcon.png",
                },
                "trending": Object {
                  "testUri": "../../../app/assets/icons/trending.png",
                },
                "tv": Object {
                  "testUri": "../../../app/assets/icons/tv.png",
                },
                "videoDocument": Object {
                  "testUri": "../../../app/assets/icons/mp4Document.png",
                },
              },
            }
          }
          style={
            Object {
              "height": undefined,
              "marginRight": undefined,
              "tintColor": "#808080",
              "width": undefined,
            }
          }
        />
      </View>
      <View
        accessible={true}
        collapsable={false}
        focusable={true}
        onClick={[Function]}
        onResponderGrant={[Function]}
        onResponderMove={[Function]}
        onResponderRelease={[Function]}
        onResponderTerminate={[Function]}
        onResponderTerminationRequest={[Function]}
        onStartShouldSetResponder={[Function]}
        style={
          Object {
            "opacity": 1,
          }
        }
        testID="CameraIcon"
      >
        <Image
          source={
            Object {
              "default": Object {
                "attach": Object {
                  "testUri": "../../../app/assets/icons/attach.png",
                },
                "avatar": Object {
                  "testUri": "../../../app/assets/icons/user.png",
                },
                "backIcon": Object {
                  "testUri": "../../../app/assets/icons/backIcon.png",
                },
                "camera": Object {
                  "testUri": "../../../app/assets/icons/camera.png",
                },
                "cameraIcon": Object {
                  "testUri": "../../../app/assets/icons/cameraIcon.png",
                },
                "chatBackground": Object {
                  "testUri": "../../../app/assets/icons/chatBackground.png",
                },
                "close": Object {
                  "testUri": "../../../app/assets/icons/close.png",
                },
                "comingSoon": Object {
                  "testUri": "../../../app/assets/icons/comingSoon.png",
                },
                "communityIcon": Object {
                  "testUri": "../../../app/assets/icons/communityIcon.png",
                },
                "document": Object {
                  "testUri": "../../../app/assets/icons/documentIcon.png",
                },
                "documentIcon": Object {
                  "testUri": "../../../app/assets/icons/documentIcon.png",
                },
                "dotMenu": Object {
                  "testUri": "../../../app/assets/icons/dots.png",
                },
                "expandIcon": Object {
                  "testUri": "../../../app/assets/icons/expandIcon.png",
                },
                "fileIcon": Object {
                  "testUri": "../../../app/assets/icons/fileIcon.png",
                },
                "fullStop": Object {
                  "testUri": "../../../app/assets/icons/fullStop.png",
                },
                "galleryIcon": Object {
                  "testUri": "../../../app/assets/icons/galleryIcon.png",
                },
                "homeIcon": Object {
                  "testUri": "../../../app/assets/icons/homeIcon.png",
                },
                "imageDocument": Object {
                  "testUri": "../../../app/assets/icons/imageIcon.png",
                },
                "location": Object {
                  "testUri": "../../../app/assets/icons/share.png",
                },
                "locationIcon": Object {
                  "testUri": "../../../app/assets/icons/locationIcon.png",
                },
                "logout": Object {
                  "testUri": "../../../app/assets/icons/logout.png",
                },
                "menuIcon": Object {
                  "testUri": "../../../app/assets/icons/menuIcon.png",
                },
                "movieDbIcon": Object {
                  "testUri": "../../../app/assets/icons/movieDBIcon.png",
                },
                "movieDbIcon2x": Object {
                  "testUri": "../../../app/assets/icons/movieDB2x.png",
                },
                "movieDbIcon3x": Object {
                  "testUri": "../../../app/assets/icons/movieDB3x.png",
                },
                "moviesIcon": Object {
                  "testUri": "../../../app/assets/icons/moviesIcon.png",
                },
                "noItemFound": Object {
                  "testUri": "../../../app/assets/icons/noItemFound.png",
                },
                "notFound": Object {
                  "testUri": "../../../app/assets/icons/notFoundIcon.png",
                },
                "pdfDocument": Object {
                  "testUri": "../../../app/assets/icons/pdfDocument 2.png",
                },
                "playIcon": Object {
                  "testUri": "../../../app/assets/icons/playIcon.png",
                },
                "plus": Object {
                  "testUri": "../../../app/assets/icons/plusSign.png",
                },
                "pptDocument": Object {
                  "testUri": "../../../app/assets/icons/pptDocument.png",
                },
                "searchIcon": Object {
                  "testUri": "../../../app/assets/icons/searchIcon.png",
                },
                "send": Object {
                  "testUri": "../../../app/assets/icons/send.png",
                },
                "threeDotIcon": Object {
                  "testUri": "../../../app/assets/icons/threeDotIcon.png",
                },
                "trailerIcon": Object {
                  "testUri": "../../../app/assets/icons/trailerIcon.png",
                },
                "trending": Object {
                  "testUri": "../../../app/assets/icons/trending.png",
                },
                "tv": Object {
                  "testUri": "../../../app/assets/icons/tv.png",
                },
                "videoDocument": Object {
                  "testUri": "../../../app/assets/icons/mp4Document.png",
                },
              },
            }
          }
          style={
            Object {
              "height": undefined,
              "marginRight": undefined,
              "tintColor": "#808080",
              "width": undefined,
            }
          }
        />
      </View>
    </View>
    <View
      accessible={true}
      collapsable={false}
      focusable={true}
      onClick={[Function]}
      onResponderGrant={[Function]}
      onResponderMove={[Function]}
      onResponderRelease={[Function]}
      onResponderTerminate={[Function]}
      onResponderTerminationRequest={[Function]}
      onStartShouldSetResponder={[Function]}
      style={
        Object {
          "alignItems": "center",
          "backgroundColor": "#0d253f",
          "borderRadius": 50,
          "height": undefined,
          "justifyContent": "center",
          "opacity": 1,
          "width": undefined,
        }
      }
      testID="sendButton"
    >
      <Image
        source={
          Object {
            "default": Object {
              "attach": Object {
                "testUri": "../../../app/assets/icons/attach.png",
              },
              "avatar": Object {
                "testUri": "../../../app/assets/icons/user.png",
              },
              "backIcon": Object {
                "testUri": "../../../app/assets/icons/backIcon.png",
              },
              "camera": Object {
                "testUri": "../../../app/assets/icons/camera.png",
              },
              "cameraIcon": Object {
                "testUri": "../../../app/assets/icons/cameraIcon.png",
              },
              "chatBackground": Object {
                "testUri": "../../../app/assets/icons/chatBackground.png",
              },
              "close": Object {
                "testUri": "../../../app/assets/icons/close.png",
              },
              "comingSoon": Object {
                "testUri": "../../../app/assets/icons/comingSoon.png",
              },
              "communityIcon": Object {
                "testUri": "../../../app/assets/icons/communityIcon.png",
              },
              "document": Object {
                "testUri": "../../../app/assets/icons/documentIcon.png",
              },
              "documentIcon": Object {
                "testUri": "../../../app/assets/icons/documentIcon.png",
              },
              "dotMenu": Object {
                "testUri": "../../../app/assets/icons/dots.png",
              },
              "expandIcon": Object {
                "testUri": "../../../app/assets/icons/expandIcon.png",
              },
              "fileIcon": Object {
                "testUri": "../../../app/assets/icons/fileIcon.png",
              },
              "fullStop": Object {
                "testUri": "../../../app/assets/icons/fullStop.png",
              },
              "galleryIcon": Object {
                "testUri": "../../../app/assets/icons/galleryIcon.png",
              },
              "homeIcon": Object {
                "testUri": "../../../app/assets/icons/homeIcon.png",
              },
              "imageDocument": Object {
                "testUri": "../../../app/assets/icons/imageIcon.png",
              },
              "location": Object {
                "testUri": "../../../app/assets/icons/share.png",
              },
              "locationIcon": Object {
                "testUri": "../../../app/assets/icons/locationIcon.png",
              },
              "logout": Object {
                "testUri": "../../../app/assets/icons/logout.png",
              },
              "menuIcon": Object {
                "testUri": "../../../app/assets/icons/menuIcon.png",
              },
              "movieDbIcon": Object {
                "testUri": "../../../app/assets/icons/movieDBIcon.png",
              },
              "movieDbIcon2x": Object {
                "testUri": "../../../app/assets/icons/movieDB2x.png",
              },
              "movieDbIcon3x": Object {
                "testUri": "../../../app/assets/icons/movieDB3x.png",
              },
              "moviesIcon": Object {
                "testUri": "../../../app/assets/icons/moviesIcon.png",
              },
              "noItemFound": Object {
                "testUri": "../../../app/assets/icons/noItemFound.png",
              },
              "notFound": Object {
                "testUri": "../../../app/assets/icons/notFoundIcon.png",
              },
              "pdfDocument": Object {
                "testUri": "../../../app/assets/icons/pdfDocument 2.png",
              },
              "playIcon": Object {
                "testUri": "../../../app/assets/icons/playIcon.png",
              },
              "plus": Object {
                "testUri": "../../../app/assets/icons/plusSign.png",
              },
              "pptDocument": Object {
                "testUri": "../../../app/assets/icons/pptDocument.png",
              },
              "searchIcon": Object {
                "testUri": "../../../app/assets/icons/searchIcon.png",
              },
              "send": Object {
                "testUri": "../../../app/assets/icons/send.png",
              },
              "threeDotIcon": Object {
                "testUri": "../../../app/assets/icons/threeDotIcon.png",
              },
              "trailerIcon": Object {
                "testUri": "../../../app/assets/icons/trailerIcon.png",
              },
              "trending": Object {
                "testUri": "../../../app/assets/icons/trending.png",
              },
              "tv": Object {
                "testUri": "../../../app/assets/icons/tv.png",
              },
              "videoDocument": Object {
                "testUri": "../../../app/assets/icons/mp4Document.png",
              },
            },
          }
        }
        style={
          Object {
            "height": undefined,
            "tintColor": "#FFFFFF",
            "width": undefined,
          }
        }
      />
    </View>
  </View>
</View>
`;
